==429== Memcheck, a memory error detector
==429== Copyright (C) 2002-2024, and GNU GPL'd, by Julian Seward et al.
==429== Using Valgrind-3.26.0 and LibVEX; rerun with -h for copyright info
==429== Command: ./server -p 9006
==429== Parent PID: 318
==429== 
==429== Conditional jump or move depends on uninitialised value(s)
==429==    at 0x4006A16: addfd(int, int, bool, int) (http_conn.cpp:65)
==429==    by 0x4006BFA: http_conn::init(int, sockaddr_in const&, char*, int, int, std::__cxx11::basic_string<char, std::char_traits<char>, std::allocator<char> >, std::__cxx11::basic_string<char, std::char_traits<char>, std::allocator<char> >, std::__cxx11::basic_string<char, std::char_traits<char>, std::allocator<char> >) (http_conn.cpp:119)
==429==    by 0x4010122: WebServer::timer(int, sockaddr_in) (webserver.cpp:163)
==429==    by 0x401058A: WebServer::dealclientdata() (webserver.cpp:218)
==429==    by 0x4010CC7: WebServer::eventLoop() (webserver.cpp:398)
==429==    by 0x4005127: main (main.cpp:38)
==429== 
==429== 
==429== HEAP SUMMARY:
==429==     in use at exit: 216,275 bytes in 948 blocks
==429==   total heap usage: 7,052 allocs, 6,104 frees, 262,437,829 bytes allocated
==429== 
==429== 27 bytes in 1 blocks are still reachable in loss record 1 of 39
==429==    at 0x4865FD3: operator new(unsigned long) (vg_replace_malloc.c:488)
==429==    by 0x4921B0C: ??? (in /usr/lib/x86_64-linux-gnu/libmysqlclient.so.24.0.11)
==429==    by 0x527F513: __pthread_once_slow.isra.0 (pthread_once.c:116)
==429==    by 0x527F588: pthread_once@@GLIBC_2.34 (pthread_once.c:143)
==429==    by 0x492ABCA: ??? (in /usr/lib/x86_64-linux-gnu/libmysqlclient.so.24.0.11)
==429==    by 0x48C37F1: ??? (in /usr/lib/x86_64-linux-gnu/libmysqlclient.so.24.0.11)
==429==    by 0x48C44B3: ??? (in /usr/lib/x86_64-linux-gnu/libmysqlclient.so.24.0.11)
==429==    by 0x48BDD53: ??? (in /usr/lib/x86_64-linux-gnu/libmysqlclient.so.24.0.11)
==429==    by 0x48C28E5: mysql_real_connect (in /usr/lib/x86_64-linux-gnu/libmysqlclient.so.24.0.11)
==429==    by 0x400DE8C: connection_pool::init(std::__cxx11::basic_string<char, std::char_traits<char>, std::allocator<char> >, std::__cxx11::basic_string<char, std::char_traits<char>, std::allocator<char> >, std::__cxx11::basic_string<char, std::char_traits<char>, std::allocator<char> >, std::__cxx11::basic_string<char, std::char_traits<char>, std::allocator<char> >, int, int, int) (sql_connection_pool.cpp:45)
==429==    by 0x400F9F0: WebServer::sql_pool() (webserver.cpp:91)
==429==    by 0x40050EB: main (main.cpp:26)
==429== 
==429== 30 bytes in 1 blocks are definitely lost in loss record 2 of 39
==429==    at 0x4865858: malloc (vg_replace_malloc.c:447)
==429==    by 0x400F46B: WebServer::WebServer() (webserver.cpp:12)
==429==    by 0x4004FD1: main (main.cpp:14)
==429== 
==429== 32 bytes in 1 blocks are still reachable in loss record 3 of 39
==429==    at 0x4865FD3: operator new(unsigned long) (vg_replace_malloc.c:488)
==429==    by 0x48B22DE: mysql_server_init (in /usr/lib/x86_64-linux-gnu/libmysqlclient.so.24.0.11)
==429==    by 0x48C2DC8: mysql_init (in /usr/lib/x86_64-linux-gnu/libmysqlclient.so.24.0.11)
==429==    by 0x400DDD4: connection_pool::init(std::__cxx11::basic_string<char, std::char_traits<char>, std::allocator<char> >, std::__cxx11::basic_string<char, std::char_traits<char>, std::allocator<char> >, std::__cxx11::basic_string<char, std::char_traits<char>, std::allocator<char> >, std::__cxx11::basic_string<char, std::char_traits<char>, std::allocator<char> >, int, int, int) (sql_connection_pool.cpp:38)
==429==    by 0x400F9F0: WebServer::sql_pool() (webserver.cpp:91)
==429==    by 0x40050EB: main (main.cpp:26)
==429== 
==429== 56 bytes in 1 blocks are still reachable in loss record 4 of 39
==429==    at 0x4865858: malloc (vg_replace_malloc.c:447)
==429==    by 0x5769DE5: CRYPTO_malloc (in /usr/lib/x86_64-linux-gnu/libcrypto.so.3)
==429==    by 0x5769F74: CRYPTO_zalloc (in /usr/lib/x86_64-linux-gnu/libcrypto.so.3)
==429==    by 0x577EF30: CRYPTO_THREAD_lock_new (in /usr/lib/x86_64-linux-gnu/libcrypto.so.3)
==429==    by 0x576851C: ??? (in /usr/lib/x86_64-linux-gnu/libcrypto.so.3)
==429==    by 0x527F513: __pthread_once_slow.isra.0 (pthread_once.c:116)
==429==    by 0x527F588: pthread_once@@GLIBC_2.34 (pthread_once.c:143)
==429==    by 0x577F02C: CRYPTO_THREAD_run_once (in /usr/lib/x86_64-linux-gnu/libcrypto.so.3)
==429==    by 0x57685DE: ??? (in /usr/lib/x86_64-linux-gnu/libcrypto.so.3)
==429==    by 0x576408C: ??? (in /usr/lib/x86_64-linux-gnu/libcrypto.so.3)
==429==    by 0x527F513: __pthread_once_slow.isra.0 (pthread_once.c:116)
==429==    by 0x527F588: pthread_once@@GLIBC_2.34 (pthread_once.c:143)
==429== 
==429== 56 bytes in 1 blocks are possibly lost in loss record 5 of 39
==429==    at 0x4865858: malloc (vg_replace_malloc.c:447)
==429==    by 0x4922567: ??? (in /usr/lib/x86_64-linux-gnu/libmysqlclient.so.24.0.11)
==429==    by 0x48B2185: mysql_server_init (in /usr/lib/x86_64-linux-gnu/libmysqlclient.so.24.0.11)
==429==    by 0x48C2DC8: mysql_init (in /usr/lib/x86_64-linux-gnu/libmysqlclient.so.24.0.11)
==429==    by 0x400DDD4: connection_pool::init(std::__cxx11::basic_string<char, std::char_traits<char>, std::allocator<char> >, std::__cxx11::basic_string<char, std::char_traits<char>, std::allocator<char> >, std::__cxx11::basic_string<char, std::char_traits<char>, std::allocator<char> >, std::__cxx11::basic_string<char, std::char_traits<char>, std::allocator<char> >, int, int, int) (sql_connection_pool.cpp:38)
==429==    by 0x400F9F0: WebServer::sql_pool() (webserver.cpp:91)
==429==    by 0x40050EB: main (main.cpp:26)
==429== 
==429== 64 bytes in 1 blocks are still reachable in loss record 6 of 39
==429==    at 0x4865FD3: operator new(unsigned long) (vg_replace_malloc.c:488)
==429==    by 0x48EAEC5: ??? (in /usr/lib/x86_64-linux-gnu/libmysqlclient.so.24.0.11)
==429==    by 0x49215F5: ??? (in /usr/lib/x86_64-linux-gnu/libmysqlclient.so.24.0.11)
==429==    by 0x527F513: __pthread_once_slow.isra.0 (pthread_once.c:116)
==429==    by 0x527F588: pthread_once@@GLIBC_2.34 (pthread_once.c:143)
==429==    by 0x492ABCA: ??? (in /usr/lib/x86_64-linux-gnu/libmysqlclient.so.24.0.11)
==429==    by 0x48C37F1: ??? (in /usr/lib/x86_64-linux-gnu/libmysqlclient.so.24.0.11)
==429==    by 0x48C44B3: ??? (in /usr/lib/x86_64-linux-gnu/libmysqlclient.so.24.0.11)
==429==    by 0x48BDD53: ??? (in /usr/lib/x86_64-linux-gnu/libmysqlclient.so.24.0.11)
==429==    by 0x48C28E5: mysql_real_connect (in /usr/lib/x86_64-linux-gnu/libmysqlclient.so.24.0.11)
==429==    by 0x400DE8C: connection_pool::init(std::__cxx11::basic_string<char, std::char_traits<char>, std::allocator<char> >, std::__cxx11::basic_string<char, std::char_traits<char>, std::allocator<char> >, std::__cxx11::basic_string<char, std::char_traits<char>, std::allocator<char> >, std::__cxx11::basic_string<char, std::char_traits<char>, std::allocator<char> >, int, int, int) (sql_connection_pool.cpp:45)
==429==    by 0x400F9F0: WebServer::sql_pool() (webserver.cpp:91)
==429== 
==429== 64 bytes in 1 blocks are indirectly lost in loss record 7 of 39
==429==    at 0x486CE43: calloc (vg_replace_malloc.c:1678)
==429==    by 0x4922520: ??? (in /usr/lib/x86_64-linux-gnu/libmysqlclient.so.24.0.11)
==429==    by 0x48BC6DB: ??? (in /usr/lib/x86_64-linux-gnu/libmysqlclient.so.24.0.11)
==429==    by 0x48C7013: mysql_store_result (in /usr/lib/x86_64-linux-gnu/libmysqlclient.so.24.0.11)
==429==    by 0x40067CA: http_conn::initmysql_result(connection_pool*) (http_conn.cpp:33)
==429==    by 0x400FA5B: WebServer::sql_pool() (webserver.cpp:94)
==429==    by 0x40050EB: main (main.cpp:26)
==429== 
==429== 88 bytes in 1 blocks are still reachable in loss record 8 of 39
==429==    at 0x4865FD3: operator new(unsigned long) (vg_replace_malloc.c:488)
==429==    by 0x49215BE: ??? (in /usr/lib/x86_64-linux-gnu/libmysqlclient.so.24.0.11)
==429==    by 0x527F513: __pthread_once_slow.isra.0 (pthread_once.c:116)
==429==    by 0x527F588: pthread_once@@GLIBC_2.34 (pthread_once.c:143)
==429==    by 0x492ABCA: ??? (in /usr/lib/x86_64-linux-gnu/libmysqlclient.so.24.0.11)
==429==    by 0x48C37F1: ??? (in /usr/lib/x86_64-linux-gnu/libmysqlclient.so.24.0.11)
==429==    by 0x48C44B3: ??? (in /usr/lib/x86_64-linux-gnu/libmysqlclient.so.24.0.11)
==429==    by 0x48BDD53: ??? (in /usr/lib/x86_64-linux-gnu/libmysqlclient.so.24.0.11)
==429==    by 0x48C28E5: mysql_real_connect (in /usr/lib/x86_64-linux-gnu/libmysqlclient.so.24.0.11)
==429==    by 0x400DE8C: connection_pool::init(std::__cxx11::basic_string<char, std::char_traits<char>, std::allocator<char> >, std::__cxx11::basic_string<char, std::char_traits<char>, std::allocator<char> >, std::__cxx11::basic_string<char, std::char_traits<char>, std::allocator<char> >, std::__cxx11::basic_string<char, std::char_traits<char>, std::allocator<char> >, int, int, int) (sql_connection_pool.cpp:45)
==429==    by 0x400F9F0: WebServer::sql_pool() (webserver.cpp:91)
==429==    by 0x40050EB: main (main.cpp:26)
==429== 
==429== 104 bytes in 1 blocks are indirectly lost in loss record 9 of 39
==429==    at 0x4865858: malloc (vg_replace_malloc.c:447)
==429==    by 0x4922567: ??? (in /usr/lib/x86_64-linux-gnu/libmysqlclient.so.24.0.11)
==429==    by 0x4923FD2: ??? (in /usr/lib/x86_64-linux-gnu/libmysqlclient.so.24.0.11)
==429==    by 0x4924093: ??? (in /usr/lib/x86_64-linux-gnu/libmysqlclient.so.24.0.11)
==429==    by 0x48BEED7: ??? (in /usr/lib/x86_64-linux-gnu/libmysqlclient.so.24.0.11)
==429==    by 0x48BF03A: ??? (in /usr/lib/x86_64-linux-gnu/libmysqlclient.so.24.0.11)
==429==    by 0x48C5079: ??? (in /usr/lib/x86_64-linux-gnu/libmysqlclient.so.24.0.11)
==429==    by 0x48CD0ED: mysql_real_query (in /usr/lib/x86_64-linux-gnu/libmysqlclient.so.24.0.11)
==429==    by 0x400675B: http_conn::initmysql_result(connection_pool*) (http_conn.cpp:27)
==429==    by 0x400FA5B: WebServer::sql_pool() (webserver.cpp:94)
==429==    by 0x40050EB: main (main.cpp:26)
==429== 
==429== 112 bytes in 1 blocks are indirectly lost in loss record 10 of 39
==429==    at 0x4865858: malloc (vg_replace_malloc.c:447)
==429==    by 0x4922567: ??? (in /usr/lib/x86_64-linux-gnu/libmysqlclient.so.24.0.11)
==429==    by 0x4923FD2: ??? (in /usr/lib/x86_64-linux-gnu/libmysqlclient.so.24.0.11)
==429==    by 0x4924093: ??? (in /usr/lib/x86_64-linux-gnu/libmysqlclient.so.24.0.11)
==429==    by 0x48BEEF2: ??? (in /usr/lib/x86_64-linux-gnu/libmysqlclient.so.24.0.11)
==429==    by 0x48BF03A: ??? (in /usr/lib/x86_64-linux-gnu/libmysqlclient.so.24.0.11)
==429==    by 0x48C5079: ??? (in /usr/lib/x86_64-linux-gnu/libmysqlclient.so.24.0.11)
==429==    by 0x48CD0ED: mysql_real_query (in /usr/lib/x86_64-linux-gnu/libmysqlclient.so.24.0.11)
==429==    by 0x400675B: http_conn::initmysql_result(connection_pool*) (http_conn.cpp:27)
==429==    by 0x400FA5B: WebServer::sql_pool() (webserver.cpp:94)
==429==    by 0x40050EB: main (main.cpp:26)
==429== 
==429== 112 bytes in 1 blocks are indirectly lost in loss record 11 of 39
==429==    at 0x486CE43: calloc (vg_replace_malloc.c:1678)
==429==    by 0x4922520: ??? (in /usr/lib/x86_64-linux-gnu/libmysqlclient.so.24.0.11)
==429==    by 0x48C6FD6: mysql_store_result (in /usr/lib/x86_64-linux-gnu/libmysqlclient.so.24.0.11)
==429==    by 0x40067CA: http_conn::initmysql_result(connection_pool*) (http_conn.cpp:33)
==429==    by 0x400FA5B: WebServer::sql_pool() (webserver.cpp:94)
==429==    by 0x40050EB: main (main.cpp:26)
==429== 
==429== 112 bytes in 1 blocks are indirectly lost in loss record 12 of 39
==429==    at 0x486CE43: calloc (vg_replace_malloc.c:1678)
==429==    by 0x4922520: ??? (in /usr/lib/x86_64-linux-gnu/libmysqlclient.so.24.0.11)
==429==    by 0x48BC6F9: ??? (in /usr/lib/x86_64-linux-gnu/libmysqlclient.so.24.0.11)
==429==    by 0x48C7013: mysql_store_result (in /usr/lib/x86_64-linux-gnu/libmysqlclient.so.24.0.11)
==429==    by 0x40067CA: http_conn::initmysql_result(connection_pool*) (http_conn.cpp:33)
==429==    by 0x400FA5B: WebServer::sql_pool() (webserver.cpp:94)
==429==    by 0x40050EB: main (main.cpp:26)
==429== 
==429== 112 bytes in 2 blocks are indirectly lost in loss record 13 of 39
==429==    at 0x4865858: malloc (vg_replace_malloc.c:447)
==429==    by 0x4922567: ??? (in /usr/lib/x86_64-linux-gnu/libmysqlclient.so.24.0.11)
==429==    by 0x4923FD2: ??? (in /usr/lib/x86_64-linux-gnu/libmysqlclient.so.24.0.11)
==429==    by 0x4924093: ??? (in /usr/lib/x86_64-linux-gnu/libmysqlclient.so.24.0.11)
==429==    by 0x4924198: ??? (in /usr/lib/x86_64-linux-gnu/libmysqlclient.so.24.0.11)
==429==    by 0x48BE5D9: ??? (in /usr/lib/x86_64-linux-gnu/libmysqlclient.so.24.0.11)
==429==    by 0x48BEE83: ??? (in /usr/lib/x86_64-linux-gnu/libmysqlclient.so.24.0.11)
==429==    by 0x48BF03A: ??? (in /usr/lib/x86_64-linux-gnu/libmysqlclient.so.24.0.11)
==429==    by 0x48C5079: ??? (in /usr/lib/x86_64-linux-gnu/libmysqlclient.so.24.0.11)
==429==    by 0x48CD0ED: mysql_real_query (in /usr/lib/x86_64-linux-gnu/libmysqlclient.so.24.0.11)
==429==    by 0x400675B: http_conn::initmysql_result(connection_pool*) (http_conn.cpp:27)
==429==    by 0x400FA5B: WebServer::sql_pool() (webserver.cpp:94)
==429== 
==429== 112 bytes in 2 blocks are indirectly lost in loss record 14 of 39
==429==    at 0x4865858: malloc (vg_replace_malloc.c:447)
==429==    by 0x4922567: ??? (in /usr/lib/x86_64-linux-gnu/libmysqlclient.so.24.0.11)
==429==    by 0x4923FD2: ??? (in /usr/lib/x86_64-linux-gnu/libmysqlclient.so.24.0.11)
==429==    by 0x4924093: ??? (in /usr/lib/x86_64-linux-gnu/libmysqlclient.so.24.0.11)
==429==    by 0x4924198: ??? (in /usr/lib/x86_64-linux-gnu/libmysqlclient.so.24.0.11)
==429==    by 0x48BE5FF: ??? (in /usr/lib/x86_64-linux-gnu/libmysqlclient.so.24.0.11)
==429==    by 0x48BEE83: ??? (in /usr/lib/x86_64-linux-gnu/libmysqlclient.so.24.0.11)
==429==    by 0x48BF03A: ??? (in /usr/lib/x86_64-linux-gnu/libmysqlclient.so.24.0.11)
==429==    by 0x48C5079: ??? (in /usr/lib/x86_64-linux-gnu/libmysqlclient.so.24.0.11)
==429==    by 0x48CD0ED: mysql_real_query (in /usr/lib/x86_64-linux-gnu/libmysqlclient.so.24.0.11)
==429==    by 0x400675B: http_conn::initmysql_result(connection_pool*) (http_conn.cpp:27)
==429==    by 0x400FA5B: WebServer::sql_pool() (webserver.cpp:94)
==429== 
==429== 112 bytes in 2 blocks are indirectly lost in loss record 15 of 39
==429==    at 0x4865858: malloc (vg_replace_malloc.c:447)
==429==    by 0x4922567: ??? (in /usr/lib/x86_64-linux-gnu/libmysqlclient.so.24.0.11)
==429==    by 0x4923FD2: ??? (in /usr/lib/x86_64-linux-gnu/libmysqlclient.so.24.0.11)
==429==    by 0x4924093: ??? (in /usr/lib/x86_64-linux-gnu/libmysqlclient.so.24.0.11)
==429==    by 0x4924198: ??? (in /usr/lib/x86_64-linux-gnu/libmysqlclient.so.24.0.11)
==429==    by 0x48BE61A: ??? (in /usr/lib/x86_64-linux-gnu/libmysqlclient.so.24.0.11)
==429==    by 0x48BEE83: ??? (in /usr/lib/x86_64-linux-gnu/libmysqlclient.so.24.0.11)
==429==    by 0x48BF03A: ??? (in /usr/lib/x86_64-linux-gnu/libmysqlclient.so.24.0.11)
==429==    by 0x48C5079: ??? (in /usr/lib/x86_64-linux-gnu/libmysqlclient.so.24.0.11)
==429==    by 0x48CD0ED: mysql_real_query (in /usr/lib/x86_64-linux-gnu/libmysqlclient.so.24.0.11)
==429==    by 0x400675B: http_conn::initmysql_result(connection_pool*) (http_conn.cpp:27)
==429==    by 0x400FA5B: WebServer::sql_pool() (webserver.cpp:94)
==429== 
==429== 112 bytes in 2 blocks are indirectly lost in loss record 16 of 39
==429==    at 0x4865858: malloc (vg_replace_malloc.c:447)
==429==    by 0x4922567: ??? (in /usr/lib/x86_64-linux-gnu/libmysqlclient.so.24.0.11)
==429==    by 0x4923FD2: ??? (in /usr/lib/x86_64-linux-gnu/libmysqlclient.so.24.0.11)
==429==    by 0x4924093: ??? (in /usr/lib/x86_64-linux-gnu/libmysqlclient.so.24.0.11)
==429==    by 0x4924198: ??? (in /usr/lib/x86_64-linux-gnu/libmysqlclient.so.24.0.11)
==429==    by 0x48BE642: ??? (in /usr/lib/x86_64-linux-gnu/libmysqlclient.so.24.0.11)
==429==    by 0x48BEE83: ??? (in /usr/lib/x86_64-linux-gnu/libmysqlclient.so.24.0.11)
==429==    by 0x48BF03A: ??? (in /usr/lib/x86_64-linux-gnu/libmysqlclient.so.24.0.11)
==429==    by 0x48C5079: ??? (in /usr/lib/x86_64-linux-gnu/libmysqlclient.so.24.0.11)
==429==    by 0x48CD0ED: mysql_real_query (in /usr/lib/x86_64-linux-gnu/libmysqlclient.so.24.0.11)
==429==    by 0x400675B: http_conn::initmysql_result(connection_pool*) (http_conn.cpp:27)
==429==    by 0x400FA5B: WebServer::sql_pool() (webserver.cpp:94)
==429== 
==429== 120 bytes in 2 blocks are indirectly lost in loss record 17 of 39
==429==    at 0x4865858: malloc (vg_replace_malloc.c:447)
==429==    by 0x4922567: ??? (in /usr/lib/x86_64-linux-gnu/libmysqlclient.so.24.0.11)
==429==    by 0x4923FD2: ??? (in /usr/lib/x86_64-linux-gnu/libmysqlclient.so.24.0.11)
==429==    by 0x4924093: ??? (in /usr/lib/x86_64-linux-gnu/libmysqlclient.so.24.0.11)
==429==    by 0x4924198: ??? (in /usr/lib/x86_64-linux-gnu/libmysqlclient.so.24.0.11)
==429==    by 0x48BE65D: ??? (in /usr/lib/x86_64-linux-gnu/libmysqlclient.so.24.0.11)
==429==    by 0x48BEE83: ??? (in /usr/lib/x86_64-linux-gnu/libmysqlclient.so.24.0.11)
==429==    by 0x48BF03A: ??? (in /usr/lib/x86_64-linux-gnu/libmysqlclient.so.24.0.11)
==429==    by 0x48C5079: ??? (in /usr/lib/x86_64-linux-gnu/libmysqlclient.so.24.0.11)
==429==    by 0x48CD0ED: mysql_real_query (in /usr/lib/x86_64-linux-gnu/libmysqlclient.so.24.0.11)
==429==    by 0x400675B: http_conn::initmysql_result(connection_pool*) (http_conn.cpp:27)
==429==    by 0x400FA5B: WebServer::sql_pool() (webserver.cpp:94)
==429== 
==429== 120 bytes in 2 blocks are indirectly lost in loss record 18 of 39
==429==    at 0x4865858: malloc (vg_replace_malloc.c:447)
==429==    by 0x4922567: ??? (in /usr/lib/x86_64-linux-gnu/libmysqlclient.so.24.0.11)
==429==    by 0x4923FD2: ??? (in /usr/lib/x86_64-linux-gnu/libmysqlclient.so.24.0.11)
==429==    by 0x4924093: ??? (in /usr/lib/x86_64-linux-gnu/libmysqlclient.so.24.0.11)
==429==    by 0x4924198: ??? (in /usr/lib/x86_64-linux-gnu/libmysqlclient.so.24.0.11)
==429==    by 0x48BE68C: ??? (in /usr/lib/x86_64-linux-gnu/libmysqlclient.so.24.0.11)
==429==    by 0x48BEE83: ??? (in /usr/lib/x86_64-linux-gnu/libmysqlclient.so.24.0.11)
==429==    by 0x48BF03A: ??? (in /usr/lib/x86_64-linux-gnu/libmysqlclient.so.24.0.11)
==429==    by 0x48C5079: ??? (in /usr/lib/x86_64-linux-gnu/libmysqlclient.so.24.0.11)
==429==    by 0x48CD0ED: mysql_real_query (in /usr/lib/x86_64-linux-gnu/libmysqlclient.so.24.0.11)
==429==    by 0x400675B: http_conn::initmysql_result(connection_pool*) (http_conn.cpp:27)
==429==    by 0x400FA5B: WebServer::sql_pool() (webserver.cpp:94)
==429== 
==429== 304 bytes in 1 blocks are indirectly lost in loss record 19 of 39
==429==    at 0x4865858: malloc (vg_replace_malloc.c:447)
==429==    by 0x4922567: ??? (in /usr/lib/x86_64-linux-gnu/libmysqlclient.so.24.0.11)
==429==    by 0x4923FD2: ??? (in /usr/lib/x86_64-linux-gnu/libmysqlclient.so.24.0.11)
==429==    by 0x4924093: ??? (in /usr/lib/x86_64-linux-gnu/libmysqlclient.so.24.0.11)
==429==    by 0x48BEEBE: ??? (in /usr/lib/x86_64-linux-gnu/libmysqlclient.so.24.0.11)
==429==    by 0x48BF03A: ??? (in /usr/lib/x86_64-linux-gnu/libmysqlclient.so.24.0.11)
==429==    by 0x48C5079: ??? (in /usr/lib/x86_64-linux-gnu/libmysqlclient.so.24.0.11)
==429==    by 0x48CD0ED: mysql_real_query (in /usr/lib/x86_64-linux-gnu/libmysqlclient.so.24.0.11)
==429==    by 0x400675B: http_conn::initmysql_result(connection_pool*) (http_conn.cpp:27)
==429==    by 0x400FA5B: WebServer::sql_pool() (webserver.cpp:94)
==429==    by 0x40050EB: main (main.cpp:26)
==429== 
==429== 312 bytes in 1 blocks are still reachable in loss record 20 of 39
==429==    at 0x4865FD3: operator new(unsigned long) (vg_replace_malloc.c:488)
==429==    by 0x492161F: ??? (in /usr/lib/x86_64-linux-gnu/libmysqlclient.so.24.0.11)
==429==    by 0x527F513: __pthread_once_slow.isra.0 (pthread_once.c:116)
==429==    by 0x527F588: pthread_once@@GLIBC_2.34 (pthread_once.c:143)
==429==    by 0x492ABCA: ??? (in /usr/lib/x86_64-linux-gnu/libmysqlclient.so.24.0.11)
==429==    by 0x48C37F1: ??? (in /usr/lib/x86_64-linux-gnu/libmysqlclient.so.24.0.11)
==429==    by 0x48C44B3: ??? (in /usr/lib/x86_64-linux-gnu/libmysqlclient.so.24.0.11)
==429==    by 0x48BDD53: ??? (in /usr/lib/x86_64-linux-gnu/libmysqlclient.so.24.0.11)
==429==    by 0x48C28E5: mysql_real_connect (in /usr/lib/x86_64-linux-gnu/libmysqlclient.so.24.0.11)
==429==    by 0x400DE8C: connection_pool::init(std::__cxx11::basic_string<char, std::char_traits<char>, std::allocator<char> >, std::__cxx11::basic_string<char, std::char_traits<char>, std::allocator<char> >, std::__cxx11::basic_string<char, std::char_traits<char>, std::allocator<char> >, std::__cxx11::basic_string<char, std::char_traits<char>, std::allocator<char> >, int, int, int) (sql_connection_pool.cpp:45)
==429==    by 0x400F9F0: WebServer::sql_pool() (webserver.cpp:91)
==429==    by 0x40050EB: main (main.cpp:26)
==429== 
==429== 472 bytes in 1 blocks are still reachable in loss record 21 of 39
==429==    at 0x4865FD3: operator new(unsigned long) (vg_replace_malloc.c:488)
==429==    by 0x48E33E4: ??? (in /usr/lib/x86_64-linux-gnu/libmysqlclient.so.24.0.11)
==429==    by 0x48EB306: ??? (in /usr/lib/x86_64-linux-gnu/libmysqlclient.so.24.0.11)
==429==    by 0x492181D: ??? (in /usr/lib/x86_64-linux-gnu/libmysqlclient.so.24.0.11)
==429==    by 0x527F513: __pthread_once_slow.isra.0 (pthread_once.c:116)
==429==    by 0x527F588: pthread_once@@GLIBC_2.34 (pthread_once.c:143)
==429==    by 0x492ABCA: ??? (in /usr/lib/x86_64-linux-gnu/libmysqlclient.so.24.0.11)
==429==    by 0x48C37F1: ??? (in /usr/lib/x86_64-linux-gnu/libmysqlclient.so.24.0.11)
==429==    by 0x48C44B3: ??? (in /usr/lib/x86_64-linux-gnu/libmysqlclient.so.24.0.11)
==429==    by 0x48BDD53: ??? (in /usr/lib/x86_64-linux-gnu/libmysqlclient.so.24.0.11)
==429==    by 0x48C28E5: mysql_real_connect (in /usr/lib/x86_64-linux-gnu/libmysqlclient.so.24.0.11)
==429==    by 0x400DE8C: connection_pool::init(std::__cxx11::basic_string<char, std::char_traits<char>, std::allocator<char> >, std::__cxx11::basic_string<char, std::char_traits<char>, std::allocator<char> >, std::__cxx11::basic_string<char, std::char_traits<char>, std::allocator<char> >, std::__cxx11::basic_string<char, std::char_traits<char>, std::allocator<char> >, int, int, int) (sql_connection_pool.cpp:45)
==429== 
==429== 472 bytes in 1 blocks are still reachable in loss record 22 of 39
==429==    at 0x4865FD3: operator new(unsigned long) (vg_replace_malloc.c:488)
==429==    by 0x48E33E4: ??? (in /usr/lib/x86_64-linux-gnu/libmysqlclient.so.24.0.11)
==429==    by 0x48EB122: ??? (in /usr/lib/x86_64-linux-gnu/libmysqlclient.so.24.0.11)
==429==    by 0x492181D: ??? (in /usr/lib/x86_64-linux-gnu/libmysqlclient.so.24.0.11)
==429==    by 0x527F513: __pthread_once_slow.isra.0 (pthread_once.c:116)
==429==    by 0x527F588: pthread_once@@GLIBC_2.34 (pthread_once.c:143)
==429==    by 0x492ABCA: ??? (in /usr/lib/x86_64-linux-gnu/libmysqlclient.so.24.0.11)
==429==    by 0x48C37F1: ??? (in /usr/lib/x86_64-linux-gnu/libmysqlclient.so.24.0.11)
==429==    by 0x48C44B3: ??? (in /usr/lib/x86_64-linux-gnu/libmysqlclient.so.24.0.11)
==429==    by 0x48BDD53: ??? (in /usr/lib/x86_64-linux-gnu/libmysqlclient.so.24.0.11)
==429==    by 0x48C28E5: mysql_real_connect (in /usr/lib/x86_64-linux-gnu/libmysqlclient.so.24.0.11)
==429==    by 0x400DE8C: connection_pool::init(std::__cxx11::basic_string<char, std::char_traits<char>, std::allocator<char> >, std::__cxx11::basic_string<char, std::char_traits<char>, std::allocator<char> >, std::__cxx11::basic_string<char, std::char_traits<char>, std::allocator<char> >, std::__cxx11::basic_string<char, std::char_traits<char>, std::allocator<char> >, int, int, int) (sql_connection_pool.cpp:45)
==429== 
==429== 512 bytes in 1 blocks are still reachable in loss record 23 of 39
==429==    at 0x4865FD3: operator new(unsigned long) (vg_replace_malloc.c:488)
==429==    by 0x48EAED5: ??? (in /usr/lib/x86_64-linux-gnu/libmysqlclient.so.24.0.11)
==429==    by 0x49215F5: ??? (in /usr/lib/x86_64-linux-gnu/libmysqlclient.so.24.0.11)
==429==    by 0x527F513: __pthread_once_slow.isra.0 (pthread_once.c:116)
==429==    by 0x527F588: pthread_once@@GLIBC_2.34 (pthread_once.c:143)
==429==    by 0x492ABCA: ??? (in /usr/lib/x86_64-linux-gnu/libmysqlclient.so.24.0.11)
==429==    by 0x48C37F1: ??? (in /usr/lib/x86_64-linux-gnu/libmysqlclient.so.24.0.11)
==429==    by 0x48C44B3: ??? (in /usr/lib/x86_64-linux-gnu/libmysqlclient.so.24.0.11)
==429==    by 0x48BDD53: ??? (in /usr/lib/x86_64-linux-gnu/libmysqlclient.so.24.0.11)
==429==    by 0x48C28E5: mysql_real_connect (in /usr/lib/x86_64-linux-gnu/libmysqlclient.so.24.0.11)
==429==    by 0x400DE8C: connection_pool::init(std::__cxx11::basic_string<char, std::char_traits<char>, std::allocator<char> >, std::__cxx11::basic_string<char, std::char_traits<char>, std::allocator<char> >, std::__cxx11::basic_string<char, std::char_traits<char>, std::allocator<char> >, std::__cxx11::basic_string<char, std::char_traits<char>, std::allocator<char> >, int, int, int) (sql_connection_pool.cpp:45)
==429==    by 0x400F9F0: WebServer::sql_pool() (webserver.cpp:91)
==429== 
==429== 638 bytes in 35 blocks are still reachable in loss record 24 of 39
==429==    at 0x4865FD3: operator new(unsigned long) (vg_replace_malloc.c:488)
==429==    by 0x48E34E7: ??? (in /usr/lib/x86_64-linux-gnu/libmysqlclient.so.24.0.11)
==429==    by 0x48EB002: ??? (in /usr/lib/x86_64-linux-gnu/libmysqlclient.so.24.0.11)
==429==    by 0x49217EA: ??? (in /usr/lib/x86_64-linux-gnu/libmysqlclient.so.24.0.11)
==429==    by 0x527F513: __pthread_once_slow.isra.0 (pthread_once.c:116)
==429==    by 0x527F588: pthread_once@@GLIBC_2.34 (pthread_once.c:143)
==429==    by 0x492ABCA: ??? (in /usr/lib/x86_64-linux-gnu/libmysqlclient.so.24.0.11)
==429==    by 0x48C37F1: ??? (in /usr/lib/x86_64-linux-gnu/libmysqlclient.so.24.0.11)
==429==    by 0x48C44B3: ??? (in /usr/lib/x86_64-linux-gnu/libmysqlclient.so.24.0.11)
==429==    by 0x48BDD53: ??? (in /usr/lib/x86_64-linux-gnu/libmysqlclient.so.24.0.11)
==429==    by 0x48C28E5: mysql_real_connect (in /usr/lib/x86_64-linux-gnu/libmysqlclient.so.24.0.11)
==429==    by 0x400DE8C: connection_pool::init(std::__cxx11::basic_string<char, std::char_traits<char>, std::allocator<char> >, std::__cxx11::basic_string<char, std::char_traits<char>, std::allocator<char> >, std::__cxx11::basic_string<char, std::char_traits<char>, std::allocator<char> >, std::__cxx11::basic_string<char, std::char_traits<char>, std::allocator<char> >, int, int, int) (sql_connection_pool.cpp:45)
==429== 
==429== 1,008 bytes in 18 blocks are still reachable in loss record 25 of 39
==429==    at 0x4865FD3: operator new(unsigned long) (vg_replace_malloc.c:488)
==429==    by 0x48E3339: ??? (in /usr/lib/x86_64-linux-gnu/libmysqlclient.so.24.0.11)
==429==    by 0x48EB306: ??? (in /usr/lib/x86_64-linux-gnu/libmysqlclient.so.24.0.11)
==429==    by 0x492181D: ??? (in /usr/lib/x86_64-linux-gnu/libmysqlclient.so.24.0.11)
==429==    by 0x527F513: __pthread_once_slow.isra.0 (pthread_once.c:116)
==429==    by 0x527F588: pthread_once@@GLIBC_2.34 (pthread_once.c:143)
==429==    by 0x492ABCA: ??? (in /usr/lib/x86_64-linux-gnu/libmysqlclient.so.24.0.11)
==429==    by 0x48C37F1: ??? (in /usr/lib/x86_64-linux-gnu/libmysqlclient.so.24.0.11)
==429==    by 0x48C44B3: ??? (in /usr/lib/x86_64-linux-gnu/libmysqlclient.so.24.0.11)
==429==    by 0x48BDD53: ??? (in /usr/lib/x86_64-linux-gnu/libmysqlclient.so.24.0.11)
==429==    by 0x48C28E5: mysql_real_connect (in /usr/lib/x86_64-linux-gnu/libmysqlclient.so.24.0.11)
==429==    by 0x400DE8C: connection_pool::init(std::__cxx11::basic_string<char, std::char_traits<char>, std::allocator<char> >, std::__cxx11::basic_string<char, std::char_traits<char>, std::allocator<char> >, std::__cxx11::basic_string<char, std::char_traits<char>, std::allocator<char> >, std::__cxx11::basic_string<char, std::char_traits<char>, std::allocator<char> >, int, int, int) (sql_connection_pool.cpp:45)
==429== 
==429== 1,008 bytes in 18 blocks are still reachable in loss record 26 of 39
==429==    at 0x4865FD3: operator new(unsigned long) (vg_replace_malloc.c:488)
==429==    by 0x48E3339: ??? (in /usr/lib/x86_64-linux-gnu/libmysqlclient.so.24.0.11)
==429==    by 0x48EB122: ??? (in /usr/lib/x86_64-linux-gnu/libmysqlclient.so.24.0.11)
==429==    by 0x492181D: ??? (in /usr/lib/x86_64-linux-gnu/libmysqlclient.so.24.0.11)
==429==    by 0x527F513: __pthread_once_slow.isra.0 (pthread_once.c:116)
==429==    by 0x527F588: pthread_once@@GLIBC_2.34 (pthread_once.c:143)
==429==    by 0x492ABCA: ??? (in /usr/lib/x86_64-linux-gnu/libmysqlclient.so.24.0.11)
==429==    by 0x48C37F1: ??? (in /usr/lib/x86_64-linux-gnu/libmysqlclient.so.24.0.11)
==429==    by 0x48C44B3: ??? (in /usr/lib/x86_64-linux-gnu/libmysqlclient.so.24.0.11)
==429==    by 0x48BDD53: ??? (in /usr/lib/x86_64-linux-gnu/libmysqlclient.so.24.0.11)
==429==    by 0x48C28E5: mysql_real_connect (in /usr/lib/x86_64-linux-gnu/libmysqlclient.so.24.0.11)
==429==    by 0x400DE8C: connection_pool::init(std::__cxx11::basic_string<char, std::char_traits<char>, std::allocator<char> >, std::__cxx11::basic_string<char, std::char_traits<char>, std::allocator<char> >, std::__cxx11::basic_string<char, std::char_traits<char>, std::allocator<char> >, std::__cxx11::basic_string<char, std::char_traits<char>, std::allocator<char> >, int, int, int) (sql_connection_pool.cpp:45)
==429== 
==429== 1,288 bytes in 23 blocks are still reachable in loss record 27 of 39
==429==    at 0x4865FD3: operator new(unsigned long) (vg_replace_malloc.c:488)
==429==    by 0x48E3339: ??? (in /usr/lib/x86_64-linux-gnu/libmysqlclient.so.24.0.11)
==429==    by 0x48EB306: ??? (in /usr/lib/x86_64-linux-gnu/libmysqlclient.so.24.0.11)
==429==    by 0x49217EA: ??? (in /usr/lib/x86_64-linux-gnu/libmysqlclient.so.24.0.11)
==429==    by 0x527F513: __pthread_once_slow.isra.0 (pthread_once.c:116)
==429==    by 0x527F588: pthread_once@@GLIBC_2.34 (pthread_once.c:143)
==429==    by 0x492ABCA: ??? (in /usr/lib/x86_64-linux-gnu/libmysqlclient.so.24.0.11)
==429==    by 0x48C37F1: ??? (in /usr/lib/x86_64-linux-gnu/libmysqlclient.so.24.0.11)
==429==    by 0x48C44B3: ??? (in /usr/lib/x86_64-linux-gnu/libmysqlclient.so.24.0.11)
==429==    by 0x48BDD53: ??? (in /usr/lib/x86_64-linux-gnu/libmysqlclient.so.24.0.11)
==429==    by 0x48C28E5: mysql_real_connect (in /usr/lib/x86_64-linux-gnu/libmysqlclient.so.24.0.11)
==429==    by 0x400DE8C: connection_pool::init(std::__cxx11::basic_string<char, std::char_traits<char>, std::allocator<char> >, std::__cxx11::basic_string<char, std::char_traits<char>, std::allocator<char> >, std::__cxx11::basic_string<char, std::char_traits<char>, std::allocator<char> >, std::__cxx11::basic_string<char, std::char_traits<char>, std::allocator<char> >, int, int, int) (sql_connection_pool.cpp:45)
==429== 
==429== 1,288 bytes in 23 blocks are still reachable in loss record 28 of 39
==429==    at 0x4865FD3: operator new(unsigned long) (vg_replace_malloc.c:488)
==429==    by 0x48E3339: ??? (in /usr/lib/x86_64-linux-gnu/libmysqlclient.so.24.0.11)
==429==    by 0x48EB122: ??? (in /usr/lib/x86_64-linux-gnu/libmysqlclient.so.24.0.11)
==429==    by 0x49217EA: ??? (in /usr/lib/x86_64-linux-gnu/libmysqlclient.so.24.0.11)
==429==    by 0x527F513: __pthread_once_slow.isra.0 (pthread_once.c:116)
==429==    by 0x527F588: pthread_once@@GLIBC_2.34 (pthread_once.c:143)
==429==    by 0x492ABCA: ??? (in /usr/lib/x86_64-linux-gnu/libmysqlclient.so.24.0.11)
==429==    by 0x48C37F1: ??? (in /usr/lib/x86_64-linux-gnu/libmysqlclient.so.24.0.11)
==429==    by 0x48C44B3: ??? (in /usr/lib/x86_64-linux-gnu/libmysqlclient.so.24.0.11)
==429==    by 0x48BDD53: ??? (in /usr/lib/x86_64-linux-gnu/libmysqlclient.so.24.0.11)
==429==    by 0x48C28E5: mysql_real_connect (in /usr/lib/x86_64-linux-gnu/libmysqlclient.so.24.0.11)
==429==    by 0x400DE8C: connection_pool::init(std::__cxx11::basic_string<char, std::char_traits<char>, std::allocator<char> >, std::__cxx11::basic_string<char, std::char_traits<char>, std::allocator<char> >, std::__cxx11::basic_string<char, std::char_traits<char>, std::allocator<char> >, std::__cxx11::basic_string<char, std::char_traits<char>, std::allocator<char> >, int, int, int) (sql_connection_pool.cpp:45)
==429== 
==429== 1,464 bytes in 61 blocks are still reachable in loss record 29 of 39
==429==    at 0x4865FD3: operator new(unsigned long) (vg_replace_malloc.c:488)
==429==    by 0x48EB1E7: ??? (in /usr/lib/x86_64-linux-gnu/libmysqlclient.so.24.0.11)
==429==    by 0x49217EA: ??? (in /usr/lib/x86_64-linux-gnu/libmysqlclient.so.24.0.11)
==429==    by 0x527F513: __pthread_once_slow.isra.0 (pthread_once.c:116)
==429==    by 0x527F588: pthread_once@@GLIBC_2.34 (pthread_once.c:143)
==429==    by 0x492ABCA: ??? (in /usr/lib/x86_64-linux-gnu/libmysqlclient.so.24.0.11)
==429==    by 0x48C37F1: ??? (in /usr/lib/x86_64-linux-gnu/libmysqlclient.so.24.0.11)
==429==    by 0x48C44B3: ??? (in /usr/lib/x86_64-linux-gnu/libmysqlclient.so.24.0.11)
==429==    by 0x48BDD53: ??? (in /usr/lib/x86_64-linux-gnu/libmysqlclient.so.24.0.11)
==429==    by 0x48C28E5: mysql_real_connect (in /usr/lib/x86_64-linux-gnu/libmysqlclient.so.24.0.11)
==429==    by 0x400DE8C: connection_pool::init(std::__cxx11::basic_string<char, std::char_traits<char>, std::allocator<char> >, std::__cxx11::basic_string<char, std::char_traits<char>, std::allocator<char> >, std::__cxx11::basic_string<char, std::char_traits<char>, std::allocator<char> >, std::__cxx11::basic_string<char, std::char_traits<char>, std::allocator<char> >, int, int, int) (sql_connection_pool.cpp:45)
==429==    by 0x400F9F0: WebServer::sql_pool() (webserver.cpp:91)
==429== 
==429== 1,648 (152 direct, 1,496 indirect) bytes in 1 blocks are definitely lost in loss record 30 of 39
==429==    at 0x486CE43: calloc (vg_replace_malloc.c:1678)
==429==    by 0x4922520: ??? (in /usr/lib/x86_64-linux-gnu/libmysqlclient.so.24.0.11)
==429==    by 0x48C6FB9: mysql_store_result (in /usr/lib/x86_64-linux-gnu/libmysqlclient.so.24.0.11)
==429==    by 0x40067CA: http_conn::initmysql_result(connection_pool*) (http_conn.cpp:33)
==429==    by 0x400FA5B: WebServer::sql_pool() (webserver.cpp:94)
==429==    by 0x40050EB: main (main.cpp:26)
==429== 
==429== 2,000 bytes in 1 blocks are still reachable in loss record 31 of 39
==429==    at 0x48675F3: operator new[](unsigned long) (vg_replace_malloc.c:730)
==429==    by 0x400C30A: Log::init(char const*, int, int, int, int) (log.cpp:37)
==429==    by 0x400F8E0: WebServer::log_write() (webserver.cpp:83)
==429==    by 0x40050DC: main (main.cpp:23)
==429== 
==429== 2,560 bytes in 8 blocks are possibly lost in loss record 32 of 39
==429==    at 0x486CE43: calloc (vg_replace_malloc.c:1678)
==429==    by 0x4030506: calloc (rtld-malloc.h:44)
==429==    by 0x4030506: allocate_dtv (dl-tls.c:470)
==429==    by 0x4030506: _dl_allocate_tls (dl-tls.c:722)
==429==    by 0x527AC81: allocate_stack (allocatestack.c:568)
==429==    by 0x527AC81: pthread_create@@GLIBC_2.34 (pthread_create.c:680)
==429==    by 0x4011217: threadpool<http_conn>::threadpool(int, connection_pool*, int, int) (threadpool.h:46)
==429==    by 0x400FB5C: WebServer::thread_pool() (webserver.cpp:100)
==429==    by 0x40050FA: main (main.cpp:29)
==429== 
==429== 3,416 bytes in 61 blocks are still reachable in loss record 33 of 39
==429==    at 0x4865FD3: operator new(unsigned long) (vg_replace_malloc.c:488)
==429==    by 0x48E3339: ??? (in /usr/lib/x86_64-linux-gnu/libmysqlclient.so.24.0.11)
==429==    by 0x48EB002: ??? (in /usr/lib/x86_64-linux-gnu/libmysqlclient.so.24.0.11)
==429==    by 0x49217EA: ??? (in /usr/lib/x86_64-linux-gnu/libmysqlclient.so.24.0.11)
==429==    by 0x527F513: __pthread_once_slow.isra.0 (pthread_once.c:116)
==429==    by 0x527F588: pthread_once@@GLIBC_2.34 (pthread_once.c:143)
==429==    by 0x492ABCA: ??? (in /usr/lib/x86_64-linux-gnu/libmysqlclient.so.24.0.11)
==429==    by 0x48C37F1: ??? (in /usr/lib/x86_64-linux-gnu/libmysqlclient.so.24.0.11)
==429==    by 0x48C44B3: ??? (in /usr/lib/x86_64-linux-gnu/libmysqlclient.so.24.0.11)
==429==    by 0x48BDD53: ??? (in /usr/lib/x86_64-linux-gnu/libmysqlclient.so.24.0.11)
==429==    by 0x48C28E5: mysql_real_connect (in /usr/lib/x86_64-linux-gnu/libmysqlclient.so.24.0.11)
==429==    by 0x400DE8C: connection_pool::init(std::__cxx11::basic_string<char, std::char_traits<char>, std::allocator<char> >, std::__cxx11::basic_string<char, std::char_traits<char>, std::allocator<char> >, std::__cxx11::basic_string<char, std::char_traits<char>, std::allocator<char> >, std::__cxx11::basic_string<char, std::char_traits<char>, std::allocator<char> >, int, int, int) (sql_connection_pool.cpp:45)
==429== 
==429== 3,572 bytes in 177 blocks are still reachable in loss record 34 of 39
==429==    at 0x4865FD3: operator new(unsigned long) (vg_replace_malloc.c:488)
==429==    by 0x48E34E7: ??? (in /usr/lib/x86_64-linux-gnu/libmysqlclient.so.24.0.11)
==429==    by 0x48EB002: ??? (in /usr/lib/x86_64-linux-gnu/libmysqlclient.so.24.0.11)
==429==    by 0x492181D: ??? (in /usr/lib/x86_64-linux-gnu/libmysqlclient.so.24.0.11)
==429==    by 0x527F513: __pthread_once_slow.isra.0 (pthread_once.c:116)
==429==    by 0x527F588: pthread_once@@GLIBC_2.34 (pthread_once.c:143)
==429==    by 0x492ABCA: ??? (in /usr/lib/x86_64-linux-gnu/libmysqlclient.so.24.0.11)
==429==    by 0x48C37F1: ??? (in /usr/lib/x86_64-linux-gnu/libmysqlclient.so.24.0.11)
==429==    by 0x48C44B3: ??? (in /usr/lib/x86_64-linux-gnu/libmysqlclient.so.24.0.11)
==429==    by 0x48BDD53: ??? (in /usr/lib/x86_64-linux-gnu/libmysqlclient.so.24.0.11)
==429==    by 0x48C28E5: mysql_real_connect (in /usr/lib/x86_64-linux-gnu/libmysqlclient.so.24.0.11)
==429==    by 0x400DE8C: connection_pool::init(std::__cxx11::basic_string<char, std::char_traits<char>, std::allocator<char> >, std::__cxx11::basic_string<char, std::char_traits<char>, std::allocator<char> >, std::__cxx11::basic_string<char, std::char_traits<char>, std::allocator<char> >, std::__cxx11::basic_string<char, std::char_traits<char>, std::allocator<char> >, int, int, int) (sql_connection_pool.cpp:45)
==429== 
==429== 4,328 bytes in 1 blocks are still reachable in loss record 35 of 39
==429==    at 0x4865FD3: operator new(unsigned long) (vg_replace_malloc.c:488)
==429==    by 0x48E33E4: ??? (in /usr/lib/x86_64-linux-gnu/libmysqlclient.so.24.0.11)
==429==    by 0x48EB002: ??? (in /usr/lib/x86_64-linux-gnu/libmysqlclient.so.24.0.11)
==429==    by 0x492181D: ??? (in /usr/lib/x86_64-linux-gnu/libmysqlclient.so.24.0.11)
==429==    by 0x527F513: __pthread_once_slow.isra.0 (pthread_once.c:116)
==429==    by 0x527F588: pthread_once@@GLIBC_2.34 (pthread_once.c:143)
==429==    by 0x492ABCA: ??? (in /usr/lib/x86_64-linux-gnu/libmysqlclient.so.24.0.11)
==429==    by 0x48C37F1: ??? (in /usr/lib/x86_64-linux-gnu/libmysqlclient.so.24.0.11)
==429==    by 0x48C44B3: ??? (in /usr/lib/x86_64-linux-gnu/libmysqlclient.so.24.0.11)
==429==    by 0x48BDD53: ??? (in /usr/lib/x86_64-linux-gnu/libmysqlclient.so.24.0.11)
==429==    by 0x48C28E5: mysql_real_connect (in /usr/lib/x86_64-linux-gnu/libmysqlclient.so.24.0.11)
==429==    by 0x400DE8C: connection_pool::init(std::__cxx11::basic_string<char, std::char_traits<char>, std::allocator<char> >, std::__cxx11::basic_string<char, std::char_traits<char>, std::allocator<char> >, std::__cxx11::basic_string<char, std::char_traits<char>, std::allocator<char> >, std::__cxx11::basic_string<char, std::char_traits<char>, std::allocator<char> >, int, int, int) (sql_connection_pool.cpp:45)
==429== 
==429== 4,328 bytes in 1 blocks are still reachable in loss record 36 of 39
==429==    at 0x4865FD3: operator new(unsigned long) (vg_replace_malloc.c:488)
==429==    by 0x48EB360: ??? (in /usr/lib/x86_64-linux-gnu/libmysqlclient.so.24.0.11)
==429==    by 0x492181D: ??? (in /usr/lib/x86_64-linux-gnu/libmysqlclient.so.24.0.11)
==429==    by 0x527F513: __pthread_once_slow.isra.0 (pthread_once.c:116)
==429==    by 0x527F588: pthread_once@@GLIBC_2.34 (pthread_once.c:143)
==429==    by 0x492ABCA: ??? (in /usr/lib/x86_64-linux-gnu/libmysqlclient.so.24.0.11)
==429==    by 0x48C37F1: ??? (in /usr/lib/x86_64-linux-gnu/libmysqlclient.so.24.0.11)
==429==    by 0x48C44B3: ??? (in /usr/lib/x86_64-linux-gnu/libmysqlclient.so.24.0.11)
==429==    by 0x48BDD53: ??? (in /usr/lib/x86_64-linux-gnu/libmysqlclient.so.24.0.11)
==429==    by 0x48C28E5: mysql_real_connect (in /usr/lib/x86_64-linux-gnu/libmysqlclient.so.24.0.11)
==429==    by 0x400DE8C: connection_pool::init(std::__cxx11::basic_string<char, std::char_traits<char>, std::allocator<char> >, std::__cxx11::basic_string<char, std::char_traits<char>, std::allocator<char> >, std::__cxx11::basic_string<char, std::char_traits<char>, std::allocator<char> >, std::__cxx11::basic_string<char, std::char_traits<char>, std::allocator<char> >, int, int, int) (sql_connection_pool.cpp:45)
==429==    by 0x400F9F0: WebServer::sql_pool() (webserver.cpp:91)
==429== 
==429== 5,400 bytes in 225 blocks are still reachable in loss record 37 of 39
==429==    at 0x4865FD3: operator new(unsigned long) (vg_replace_malloc.c:488)
==429==    by 0x48EB1E7: ??? (in /usr/lib/x86_64-linux-gnu/libmysqlclient.so.24.0.11)
==429==    by 0x492181D: ??? (in /usr/lib/x86_64-linux-gnu/libmysqlclient.so.24.0.11)
==429==    by 0x527F513: __pthread_once_slow.isra.0 (pthread_once.c:116)
==429==    by 0x527F588: pthread_once@@GLIBC_2.34 (pthread_once.c:143)
==429==    by 0x492ABCA: ??? (in /usr/lib/x86_64-linux-gnu/libmysqlclient.so.24.0.11)
==429==    by 0x48C37F1: ??? (in /usr/lib/x86_64-linux-gnu/libmysqlclient.so.24.0.11)
==429==    by 0x48C44B3: ??? (in /usr/lib/x86_64-linux-gnu/libmysqlclient.so.24.0.11)
==429==    by 0x48BDD53: ??? (in /usr/lib/x86_64-linux-gnu/libmysqlclient.so.24.0.11)
==429==    by 0x48C28E5: mysql_real_connect (in /usr/lib/x86_64-linux-gnu/libmysqlclient.so.24.0.11)
==429==    by 0x400DE8C: connection_pool::init(std::__cxx11::basic_string<char, std::char_traits<char>, std::allocator<char> >, std::__cxx11::basic_string<char, std::char_traits<char>, std::allocator<char> >, std::__cxx11::basic_string<char, std::char_traits<char>, std::allocator<char> >, std::__cxx11::basic_string<char, std::char_traits<char>, std::allocator<char> >, int, int, int) (sql_connection_pool.cpp:45)
==429==    by 0x400F9F0: WebServer::sql_pool() (webserver.cpp:91)
==429== 
==429== 12,600 bytes in 225 blocks are still reachable in loss record 38 of 39
==429==    at 0x4865FD3: operator new(unsigned long) (vg_replace_malloc.c:488)
==429==    by 0x48E3339: ??? (in /usr/lib/x86_64-linux-gnu/libmysqlclient.so.24.0.11)
==429==    by 0x48EB002: ??? (in /usr/lib/x86_64-linux-gnu/libmysqlclient.so.24.0.11)
==429==    by 0x492181D: ??? (in /usr/lib/x86_64-linux-gnu/libmysqlclient.so.24.0.11)
==429==    by 0x527F513: __pthread_once_slow.isra.0 (pthread_once.c:116)
==429==    by 0x527F588: pthread_once@@GLIBC_2.34 (pthread_once.c:143)
==429==    by 0x492ABCA: ??? (in /usr/lib/x86_64-linux-gnu/libmysqlclient.so.24.0.11)
==429==    by 0x48C37F1: ??? (in /usr/lib/x86_64-linux-gnu/libmysqlclient.so.24.0.11)
==429==    by 0x48C44B3: ??? (in /usr/lib/x86_64-linux-gnu/libmysqlclient.so.24.0.11)
==429==    by 0x48BDD53: ??? (in /usr/lib/x86_64-linux-gnu/libmysqlclient.so.24.0.11)
==429==    by 0x48C28E5: mysql_real_connect (in /usr/lib/x86_64-linux-gnu/libmysqlclient.so.24.0.11)
==429==    by 0x400DE8C: connection_pool::init(std::__cxx11::basic_string<char, std::char_traits<char>, std::allocator<char> >, std::__cxx11::basic_string<char, std::char_traits<char>, std::allocator<char> >, std::__cxx11::basic_string<char, std::char_traits<char>, std::allocator<char> >, std::__cxx11::basic_string<char, std::char_traits<char>, std::allocator<char> >, int, int, int) (sql_connection_pool.cpp:45)
==429== 
==429== 167,608 bytes in 41 blocks are still reachable in loss record 39 of 39
==429==    at 0x4865858: malloc (vg_replace_malloc.c:447)
==429==    by 0x492245B: ??? (in /usr/lib/x86_64-linux-gnu/libmysqlclient.so.24.0.11)
==429==    by 0x491D381: ??? (in /usr/lib/x86_64-linux-gnu/libmysqlclient.so.24.0.11)
==429==    by 0x4921C54: ??? (in /usr/lib/x86_64-linux-gnu/libmysqlclient.so.24.0.11)
==429==    by 0x527F513: __pthread_once_slow.isra.0 (pthread_once.c:116)
==429==    by 0x527F588: pthread_once@@GLIBC_2.34 (pthread_once.c:143)
==429==    by 0x492ABCA: ??? (in /usr/lib/x86_64-linux-gnu/libmysqlclient.so.24.0.11)
==429==    by 0x48C37F1: ??? (in /usr/lib/x86_64-linux-gnu/libmysqlclient.so.24.0.11)
==429==    by 0x48C44B3: ??? (in /usr/lib/x86_64-linux-gnu/libmysqlclient.so.24.0.11)
==429==    by 0x48BDD53: ??? (in /usr/lib/x86_64-linux-gnu/libmysqlclient.so.24.0.11)
==429==    by 0x48C28E5: mysql_real_connect (in /usr/lib/x86_64-linux-gnu/libmysqlclient.so.24.0.11)
==429==    by 0x400DE8C: connection_pool::init(std::__cxx11::basic_string<char, std::char_traits<char>, std::allocator<char> >, std::__cxx11::basic_string<char, std::char_traits<char>, std::allocator<char> >, std::__cxx11::basic_string<char, std::char_traits<char>, std::allocator<char> >, std::__cxx11::basic_string<char, std::char_traits<char>, std::allocator<char> >, int, int, int) (sql_connection_pool.cpp:45)
==429== 
==429== LEAK SUMMARY:
==429==    definitely lost: 182 bytes in 2 blocks
==429==    indirectly lost: 1,496 bytes in 18 blocks
==429==      possibly lost: 2,616 bytes in 9 blocks
==429==    still reachable: 211,981 bytes in 919 blocks
==429==         suppressed: 0 bytes in 0 blocks
==429== 
==429== Use --track-origins=yes to see where uninitialised values come from
==429== For lists of detected and suppressed errors, rerun with: -s
==429== ERROR SUMMARY: 5 errors from 5 contexts (suppressed: 0 from 0)
